HELLO WORLD!
---
GOOD TO BE HERE.
---
LONG TIME NO SEE!
---
BYEBYE
---
