0  :"HELLO WORLD!"
---
1  :"GOOD TO BE HERE."
---
2  :"LONG TIME NO SEE!"
---
3  :"BYEBYE"
---
